whisper_init_from_file_with_params_no_state: loading model from '<path>/ggml-base.en.bin'
whisper_init_with_params_no_state: use gpu    = 1
whisper_init_with_params_no_state: flash attn = 1
whisper_init_with_params_no_state: gpu_device = 0
whisper_init_with_params_no_state: dtw        = 0
ggml_cuda_init: found 1 CUDA devices (Total VRAM: 8150 MiB):
  Device 0: NVIDIA GeForce RTX 5070 Laptop GPU, compute capability 12.0, VMM: yes, VRAM: 8150 MiB
whisper_init_with_params_no_state: devices    = 2
whisper_init_with_params_no_state: backends   = 2
whisper_model_load: loading model
whisper_model_load: n_vocab       = 51864
whisper_model_load: n_audio_ctx   = 1500
whisper_model_load: n_audio_state = 512
whisper_model_load: n_audio_head  = 8
whisper_model_load: n_audio_layer = 6
whisper_model_load: n_text_ctx    = 448
whisper_model_load: n_text_state  = 512
whisper_model_load: n_text_head   = 8
whisper_model_load: n_text_layer  = 6
whisper_model_load: n_mels        = 80
whisper_model_load: ftype         = 1
whisper_model_load: qntvr         = 0
whisper_model_load: type          = 2 (base)
whisper_model_load: adding 1607 extra tokens
whisper_model_load: n_langs       = 99
whisper_model_load:        CUDA0 total size =   147.37 MB
whisper_model_load: model size    =  147.37 MB
whisper_backend_init_gpu: device 0: CUDA0 (type: 1)
whisper_backend_init_gpu: found GPU device 0: CUDA0 (type: 1, cnt: 0)
whisper_backend_init_gpu: using CUDA0 backend
whisper_init_state: kv self size  =    6.29 MB
whisper_init_state: kv cross size =   18.87 MB
whisper_init_state: kv pad  size  =    3.15 MB
whisper_init_state: compute buffer (conv)   =   17.24 MB
whisper_init_state: compute buffer (encode) =   23.09 MB
whisper_init_state: compute buffer (cross)  =    4.66 MB
whisper_init_state: compute buffer (decode) =   97.29 MB
read_audio_data: reading audio data from '<path>/smoke_u2s.wav' ...
read_audio_data: trying to decode with miniaudio

system_info: n_threads = 4 / 16 | WHISPER : VITISAI = 0 | COREML = 0 | OPENVINO = 0 | CUDA : ARCHS = 1200 | BLACKWELL_NATIVE_FP4 = 1 | CPU : SSE3 = 1 | SSSE3 = 1 | AVX = 1 | AVX2 = 1 | F16C = 1 | FMA = 1 | AVX512 = 1 | OPENMP = 1 | REPACK = 1 | 

main: processing '<path>/smoke_u2s.wav' (51455 samples, 3.2 sec), 4 threads, 1 processors, 5 beams + best of 5, lang = en, task = transcribe, timestamps = 1 ...


[00:00:00.000 --> 00:00:03.180]   Uncle Rob grabbed the extinguisher when the alarm went.

whisper_print_timings:     load time =   304.28 ms
whisper_print_timings:     fallbacks =   0 p /   0 h
whisper_print_timings:      mel time =     3.39 ms
whisper_print_timings:   sample time =    22.67 ms /    64 runs (     0.35 ms per run)
whisper_print_timings:   encode time =    84.54 ms /     1 runs (    84.54 ms per run)
whisper_print_timings:   decode time =    17.43 ms /     1 runs (    17.43 ms per run)
whisper_print_timings:   batchd time =    50.34 ms /    59 runs (     0.85 ms per run)
whisper_print_timings:   prompt time =     0.00 ms /     1 runs (     0.00 ms per run)
whisper_print_timings:    total time =   498.16 ms
